≡ƒÜÇ Starting E2E Tests for Backup Features

Checking if servers are running...
node : Γ¥î API Server not running on port 5000
At line:1 char:57
+ ... cd 'c:\Users\User\Desktop\src'; node 
tests/run-tests.cjs 2>&1 | Tee-O ...
+                                     
~~~~~~~~~~~~~~~~~~~~~~~~~~~~~
    + CategoryInfo          : NotSpecified: (Γ¥î API Server n 
   ot running on port 5000:String) [], RemoteException
    + FullyQualifiedErrorId : NativeCommandError
 
Please start the API server: cd server && node index.cjs
